
> identity-service@1.0.0 build C:\Users\scris\OneDrive\Escritorio\code\microservices\services\identity
> nest build

pnpm : [96msrc/identity/identity.listener.ts[0m:[93m110[0m:[93m55[0m - [91merror[0m[90m TS18046: [0m'error' 
is of type 'unknown'.
En línea: 1 Carácter: 170
+ ... ndb?sslmode=require&channel_binding=require'; pnpm build 2>&1 | Out-F ...
+                                                   ~~~~~~~~~~~~~~~
    + CategoryInfo          : NotSpecified: ([96msrc/identi...type 'unknown'.:String) [], RemoteException
    + FullyQualifiedErrorId : NativeCommandError
 

[7m110[0m       this.logger.error(`Failed to setup listeners: ${error.message}`);
[7m   [0m [91m                                                      ~~~~~[0m
[96msrc/identity/identity.listener.ts[0m:[93m141[0m:[93m45[0m - [91merror[0m[90m TS18046: [0m'error' is of 
type 'unknown'.

[7m141[0m         `Error handling resolve identity: ${error.message}`,
[7m   [0m [91m                                            ~~~~~[0m
[96msrc/identity/identity.listener.ts[0m:[93m142[0m:[93m9[0m - [91merror[0m[90m TS18046: [0m'error' is of 
type 'unknown'.

[7m142[0m         error.stack,
[7m   [0m [91m        ~~~~~[0m
[96msrc/identity/identity.listener.ts[0m:[93m159[0m:[93m11[0m - [91merror[0m[90m TS2339: [0mProperty 
'contacts' does not exist on type '{ id: string; realName: string | null; nicknames: string[]; nameTrustScore: number; 
nameSource: string | null; deletedAt: Date | null; createdAt: Date; updatedAt: Date; }'.

[7m159[0m         u.contacts?.some((c) => c.type === 'phone' && c.value === oldPhoneNumber),
[7m   [0m [91m          ~~~~~~~~[0m
[96msrc/identity/identity.listener.ts[0m:[93m159[0m:[93m27[0m - [91merror[0m[90m TS7006: [0mParameter 'c' 
implicitly has an 'any' type.

[7m159[0m         u.contacts?.some((c) => c.type === 'phone' && c.value === oldPhoneNumber),
[7m   [0m [91m                          ~[0m
[96msrc/identity/identity.listener.ts[0m:[93m180[0m:[93m48[0m - [91merror[0m[90m TS18046: [0m'error' is of 
type 'unknown'.

[7m180[0m         `Error handling phone number update: ${error.message}`,
[7m   [0m [91m                                               ~~~~~[0m
[96msrc/identity/identity.listener.ts[0m:[93m181[0m:[93m9[0m - [91merror[0m[90m TS18046: [0m'error' is of 
type 'unknown'.

[7m181[0m         error.stack,
[7m   [0m [91m        ~~~~~[0m
[96msrc/identity/identity.listener.ts[0m:[93m202[0m:[93m41[0m - [91merror[0m[90m TS18046: [0m'error' is of 
type 'unknown'.

[7m202[0m         `Error handling email update: ${error.message}`,
[7m   [0m [91m                                        ~~~~~[0m
[96msrc/identity/identity.listener.ts[0m:[93m203[0m:[93m9[0m - [91merror[0m[90m TS18046: [0m'error' is of 
type 'unknown'.

[7m203[0m         error.stack,
[7m   [0m [91m        ~~~~~[0m
[96msrc/identity/identity.listener.ts[0m:[93m226[0m:[93m40[0m - [91merror[0m[90m TS18046: [0m'error' is of 
type 'unknown'.

[7m226[0m         `Error handling merge users: ${error.message}`,
[7m   [0m [91m                                       ~~~~~[0m
[96msrc/identity/identity.listener.ts[0m:[93m227[0m:[93m9[0m - [91merror[0m[90m TS18046: [0m'error' is of 
type 'unknown'.

[7m227[0m         error.stack,
[7m   [0m [91m        ~~~~~[0m
[96msrc/identity/identity.listener.ts[0m:[93m246[0m:[93m40[0m - [91merror[0m[90m TS18046: [0m'error' is of 
type 'unknown'.

[7m246[0m         `Error handling delete user: ${error.message}`,
[7m   [0m [91m                                       ~~~~~[0m
[96msrc/identity/identity.listener.ts[0m:[93m247[0m:[93m9[0m - [91merror[0m[90m TS18046: [0m'error' is of 
type 'unknown'.

[7m247[0m         error.stack,
[7m   [0m [91m        ~~~~~[0m
[96msrc/identity/identity.listener.ts[0m:[93m275[0m:[93m37[0m - [91merror[0m[90m TS18046: [0m'error' is of 
type 'unknown'.

[7m275[0m         `Error handling get user: ${error.message}`,
[7m   [0m [91m                                    ~~~~~[0m
[96msrc/identity/identity.listener.ts[0m:[93m276[0m:[93m9[0m - [91merror[0m[90m TS18046: [0m'error' is of 
type 'unknown'.

[7m276[0m         error.stack,
[7m   [0m [91m        ~~~~~[0m
[96msrc/identity/identity.listener.ts[0m:[93m284[0m:[93m18[0m - [91merror[0m[90m TS18046: [0m'error' is of 
type 'unknown'.

[7m284[0m           error: error.message,
[7m   [0m [91m                 ~~~~~[0m
[96msrc/identity/identity.listener.ts[0m:[93m310[0m:[93m42[0m - [91merror[0m[90m TS18046: [0m'error' is of 
type 'unknown'.

[7m310[0m         `Error handling get all users: ${error.message}`,
[7m   [0m [91m                                         ~~~~~[0m
[96msrc/identity/identity.listener.ts[0m:[93m311[0m:[93m9[0m - [91merror[0m[90m TS18046: [0m'error' is of 
type 'unknown'.

[7m311[0m         error.stack,
[7m   [0m [91m        ~~~~~[0m
[96msrc/identity/identity.listener.ts[0m:[93m319[0m:[93m18[0m - [91merror[0m[90m TS18046: [0m'error' is of 
type 'unknown'.

[7m319[0m           error: error.message,
[7m   [0m [91m                 ~~~~~[0m
[96msrc/identity/identity.listener.ts[0m:[93m345[0m:[93m39[0m - [91merror[0m[90m TS18046: [0m'error' is of 
type 'unknown'.

[7m345[0m         `Error handling get report: ${error.message}`,
[7m   [0m [91m                                      ~~~~~[0m
[96msrc/identity/identity.listener.ts[0m:[93m346[0m:[93m9[0m - [91merror[0m[90m TS18046: [0m'error' is of 
type 'unknown'.

[7m346[0m         error.stack,
[7m   [0m [91m        ~~~~~[0m
[96msrc/identity/identity.listener.ts[0m:[93m354[0m:[93m18[0m - [91merror[0m[90m TS18046: [0m'error' is of 
type 'unknown'.

[7m354[0m           error: error.message,
[7m   [0m [91m                 ~~~~~[0m
[96msrc/identity/identity.service.ts[0m:[93m288[0m:[93m59[0m - [91merror[0m[90m TS18046: [0m'error' is of 
type 'unknown'.

[7m288[0m         this.logger.warn(`Error creating phone contact: ${error.message}`);
[7m   [0m [91m                                                          ~~~~~[0m
[96msrc/identity/identity.service.ts[0m:[93m317[0m:[93m59[0m - [91merror[0m[90m TS18046: [0m'error' is of 
type 'unknown'.

[7m317[0m         this.logger.warn(`Error creating email contact: ${error.message}`);
[7m   [0m [91m                                                          ~~~~~[0m
[96msrc/identity/identity.service.ts[0m:[93m346[0m:[93m62[0m - [91merror[0m[90m TS18046: [0m'error' is of 
type 'unknown'.

[7m346[0m         this.logger.warn(`Error creating username contact: ${error.message}`);
[7m   [0m [91m                                                             ~~~~~[0m
[96msrc/identity/identity.service.ts[0m:[93m434[0m:[93m52[0m - [91merror[0m[90m TS18046: [0m'error' is of 
type 'unknown'.

[7m434[0m         this.logger.warn(`Error merging contact: ${error.message}`);
[7m   [0m [91m                                                   ~~~~~[0m
[96msrc/identity/identity.service.ts[0m:[93m447[0m:[93m9[0m - [91merror[0m[90m TS2322: [0mType '(string | 
null)[]' is not assignable to type 'string[] | UserUpdatenicknamesInput | undefined'.
  Type '(string | null)[]' is not assignable to type 'string[]'.
    Type 'string | null' is not assignable to type 'string'.
      Type 'null' is not assignable to type 'string'.

[7m447[0m         nicknames: mergedNicknames,
[7m   [0m [91m        ~~~~~~~~~[0m

  [96mnode_modules/.pnpm/@prisma+client@5.22.0_prisma@5.22.0/node_modules/.prisma/client/index.d.ts[0m:[93m5838[0m:
[93m5[0m
    [7m5838[0m     nicknames?: UserUpdatenicknamesInput | string[]
    [7m    [0m [96m    ~~~~~~~~~[0m
    The expected type comes from property 'nicknames' which is declared here on type '(Without<UserUpdateInput, 
UserUncheckedUpdateInput> & UserUncheckedUpdateInput) | (Without<...> & UserUpdateInput)'
[96msrc/identity/identity.service.ts[0m:[93m461[0m:[93m77[0m - [91merror[0m[90m TS2339: [0mProperty 
'identities' does not exist on type '{ id: string; realName: string | null; nicknames: string[]; nameTrustScore: 
number; nameSource: string | null; deletedAt: Date | null; createdAt: Date; updatedAt: Date; }'.

[7m461[0m     this.logger.debug(`Successfully merged users. Primary now has ${updated.identities.length} 
identities`);
[7m   [0m [91m                                                                            ~~~~~~~~~~[0m
[96msrc/rabbitmq/rabbitmq.service.ts[0m:[93m18[0m:[93m7[0m - [91merror[0m[90m TS2739: [0mType 'ChannelModel' 
is missing the following properties from type 'Connection': serverProperties, expectSocketClose, sentSinceLastCheck, 
recvSinceLastCheck, sendMessage

[7m18[0m       this.connection = await amqp.connect(rabbitmqUrl);
[7m  [0m [91m      ~~~~~~~~~~~~~~~[0m
[96msrc/rabbitmq/rabbitmq.service.ts[0m:[93m19[0m:[93m28[0m - [91merror[0m[90m TS2531: [0mObject is possibly 
'null'.

[7m19[0m       this.channel = await this.connection.createChannel();
[7m  [0m [91m                           ~~~~~~~~~~~~~~~[0m
[96msrc/rabbitmq/rabbitmq.service.ts[0m:[93m19[0m:[93m44[0m - [91merror[0m[90m TS2339: [0mProperty 
'createChannel' does not exist on type 'Connection'.

Found 33 error(s).

[7m19[0m       this.channel = await this.connection.createChannel();
[7m  [0m [91m                                           ~~~~~~~~~~~~~[0m
[96msrc/rabbitmq/rabbitmq.service.ts[0m:[93m22[0m:[93m13[0m - [91merror[0m[90m TS2531: [0mObject is possibly 
'null'.

[7m22[0m       await this.channel.assertExchange(this.EXCHANGE, 'topic', { durable: true });
[7m  [0m [91m            ~~~~~~~~~~~~[0m
[96msrc/rabbitmq/rabbitmq.service.ts[0m:[93m84[0m:[93m31[0m - [91merror[0m[90m TS2339: [0mProperty 'close' 
does not exist on type 'Connection'.

[7m84[0m         await this.connection.close();
[7m  [0m [91m                              ~~~~~[0m

ΓÇëELIFECYCLEΓÇë Command failed with exit code 1.
